{
  "version": "1.5.0",
  "plugins_used": [
    {
      "name": "ArtifactoryDetector"
    },
    {
      "name": "AWSKeyDetector"
    },
    {
      "name": "AzureStorageKeyDetector"
    },
    {
      "name": "Base64HighEntropyString",
      "limit": 4.5
    },
    {
      "name": "BasicAuthDetector"
    },
    {
      "name": "CloudantDetector"
    },
    {
      "name": "DiscordBotTokenDetector"
    },
    {
      "name": "GitHubTokenDetector"
    },
    {
      "name": "GitLabTokenDetector"
    },
    {
      "name": "HexHighEntropyString",
      "limit": 3.0
    },
    {
      "name": "IbmCloudIamDetector"
    },
    {
      "name": "IbmCosHmacDetector"
    },
    {
      "name": "IPPublicDetector"
    },
    {
      "name": "JwtTokenDetector"
    },
    {
      "name": "KeywordDetector",
      "keyword_exclude": ""
    },
    {
      "name": "MailchimpDetector"
    },
    {
      "name": "NpmDetector"
    },
    {
      "name": "OpenAIDetector"
    },
    {
      "name": "PrivateKeyDetector"
    },
    {
      "name": "PypiTokenDetector"
    },
    {
      "name": "SendGridDetector"
    },
    {
      "name": "SlackDetector"
    },
    {
      "name": "SoftlayerDetector"
    },
    {
      "name": "SquareOAuthDetector"
    },
    {
      "name": "StripeDetector"
    },
    {
      "name": "TelegramBotTokenDetector"
    },
    {
      "name": "TwilioKeyDetector"
    }
  ],
  "filters_used": [
    {
      "path": "detect_secrets.filters.allowlist.is_line_allowlisted"
    },
    {
      "path": "detect_secrets.filters.common.is_baseline_file",
      "filename": ".secrets.baseline"
    },
    {
      "path": "detect_secrets.filters.common.is_ignored_due_to_verification_policies",
      "min_level": 2
    },
    {
      "path": "detect_secrets.filters.heuristic.is_indirect_reference"
    },
    {
      "path": "detect_secrets.filters.heuristic.is_likely_id_string"
    },
    {
      "path": "detect_secrets.filters.heuristic.is_lock_file"
    },
    {
      "path": "detect_secrets.filters.heuristic.is_not_alphanumeric_string"
    },
    {
      "path": "detect_secrets.filters.heuristic.is_potential_uuid"
    },
    {
      "path": "detect_secrets.filters.heuristic.is_prefixed_with_dollar_sign"
    },
    {
      "path": "detect_secrets.filters.heuristic.is_sequential_string"
    },
    {
      "path": "detect_secrets.filters.heuristic.is_swagger_file"
    },
    {
      "path": "detect_secrets.filters.heuristic.is_templated_secret"
    }
  ],
  "results": {
    "ENVIRONMENT_SETUP.md": [
      {
        "type": "Basic Auth Credentials",
        "filename": "ENVIRONMENT_SETUP.md",
        "hashed_secret": "afc848c316af1a89d49826c5ae9d00ed769415f3",
        "is_verified": false,
        "line_number": 76
      }
    ],
    "IMPLEMENTATION FILES/08-supabase-single-project-setup.md": [
      {
        "type": "Basic Auth Credentials",
        "filename": "IMPLEMENTATION FILES/08-supabase-single-project-setup.md",
        "hashed_secret": "afc848c316af1a89d49826c5ae9d00ed769415f3",
        "is_verified": false,
        "line_number": 73
      }
    ],
    "IMPLEMENTATION FILES/09-supabase-production-setup-complete.md": [
      {
        "type": "Basic Auth Credentials",
        "filename": "IMPLEMENTATION FILES/09-supabase-production-setup-complete.md",
        "hashed_secret": "dd2310b640d02063777fe2d906a6d8ce03c50b53",
        "is_verified": false,
        "line_number": 63
      }
    ],
    "IMPLEMENTATION FILES/13-local-environment-verification.md": [
      {
        "type": "Basic Auth Credentials",
        "filename": "IMPLEMENTATION FILES/13-local-environment-verification.md",
        "hashed_secret": "afc848c316af1a89d49826c5ae9d00ed769415f3",
        "is_verified": false,
        "line_number": 14
      }
    ],
    "IMPLEMENTATION FILES/14-automatic-environment-detection.md": [
      {
        "type": "JSON Web Token",
        "filename": "IMPLEMENTATION FILES/14-automatic-environment-detection.md",
        "hashed_secret": "e9046c712f95ad91bcf41a7f6e8fb65af353773c",
        "is_verified": false,
        "line_number": 52
      },
      {
        "type": "JSON Web Token",
        "filename": "IMPLEMENTATION FILES/14-automatic-environment-detection.md",
        "hashed_secret": "348324c64ec4a2669ba45384e7935b57affa3c76",
        "is_verified": false,
        "line_number": 64
      },
      {
        "type": "Basic Auth Credentials",
        "filename": "IMPLEMENTATION FILES/14-automatic-environment-detection.md",
        "hashed_secret": "afc848c316af1a89d49826c5ae9d00ed769415f3",
        "is_verified": false,
        "line_number": 77
      }
    ],
    "backend/alembic.ini": [
      {
        "type": "Basic Auth Credentials",
        "filename": "backend/alembic.ini",
        "hashed_secret": "9d4e1e23bd5b727046a9e3b4b7db57bd8d6ee684",
        "is_verified": false,
        "line_number": 63
      }
    ],
    "backend/main.py": [
      {
        "type": "Secret Keyword",
        "filename": "backend/main.py",
        "hashed_secret": "c4fd4cde1c0bb9b974ebd174029b8b12bcab6755",
        "is_verified": false,
        "line_number": 264
      }
    ],
    "supabase/config.toml": [
      {
        "type": "Secret Keyword",
        "filename": "supabase/config.toml",
        "hashed_secret": "48aac301e9be111dbb4849dd732ccb7d192dc053",
        "is_verified": false,
        "line_number": 71
      },
      {
        "type": "Secret Keyword",
        "filename": "supabase/config.toml",
        "hashed_secret": "af913413f945c4eb11986826db51cd6d85c2f996",
        "is_verified": false,
        "line_number": 111
      },
      {
        "type": "Secret Keyword",
        "filename": "supabase/config.toml",
        "hashed_secret": "7cb6efb98ba5972a9b5090dc2e517fe14d12cb04",
        "is_verified": false,
        "line_number": 227
      },
      {
        "type": "Secret Keyword",
        "filename": "supabase/config.toml",
        "hashed_secret": "30c8249c0f2a25c5eecffceb0428715f274773ec",
        "is_verified": false,
        "line_number": 325
      },
      {
        "type": "Secret Keyword",
        "filename": "supabase/config.toml",
        "hashed_secret": "d69adab9ea54bd310869061f85347474d740d467",
        "is_verified": false,
        "line_number": 409
      }
    ]
  },
  "generated_at": "2026-01-30T03:37:22Z"
}
